// Jest Snapshot v1, https://goo.gl/fbAQLP

exports[`renders correctly with defaults 1`] = `
<View
  style={
    Array [
      Object {
        "alignItems": "center",
        "backgroundColor": "white",
        "borderRadius": 10,
        "display": "flex",
        "justifyContent": "center",
        "margin": 20,
        "padding": 20,
      },
      Object {
        "width": 250,
      },
    ]
  }
>
  <View
    accessible={true}
    collapsable={false}
    focusable={true}
    nativeID="animatedComponent"
    onClick={[Function]}
    onResponderGrant={[Function]}
    onResponderMove={[Function]}
    onResponderRelease={[Function]}
    onResponderTerminate={[Function]}
    onResponderTerminationRequest={[Function]}
    onStartShouldSetResponder={[Function]}
    style={
      Object {
        "alignItems": "center",
        "display": "flex",
        "justifyContent": "center",
        "opacity": 1,
        "width": 200,
      }
    }
  >
    <Text
      style={
        Object {
          "fontSize": 14,
          "fontWeight": "bold",
        }
      }
    >
      Test emotion
    </Text>
    <Text
      style={
        Object {
          "fontSize": 14,
        }
      }
    >
      Test text
    </Text>
  </View>
</View>
`;
